<html>
<head>
    <title>Hello, Jack!</title>
</head>
<body>
    <p>Your name is Jack and 2 + 2 = 4</p>
</body>
</html>
